abcdefghijklmnopqrstuvwxyz
Shazam
ManWilma Mann
ManFred Mann
